// Jest Snapshot v1, https://goo.gl/fbAQLP

exports[`Home renders Home page unchanged 1`] = `
.c0 {
  padding-top: 24px;
}

.c1 {
  font-family: font-family:fontFamily;
  font-weight: 700;
  font-size: 36px;
  color: #333333;
  text-align: center;
}

<div>
  <main
    class="c0"
  >
    <h1
      class="c1"
    >
      Welcome to Next.js 13
    </h1>
  </main>
</div>
`;
